This plugin does not support propagateSizeHints()
This plugin does not support propagateSizeHints()
This plugin does not support propagateSizeHints()
This plugin does not support propagateSizeHints()
This plugin does not support propagateSizeHints()
This plugin does not support propagateSizeHints()
This plugin does not support propagateSizeHints()
This plugin does not support propagateSizeHints()
This plugin does not support propagateSizeHints()
This plugin does not support propagateSizeHints()
This plugin does not support propagateSizeHints()
This plugin does not support propagateSizeHints()
This plugin does not support propagateSizeHints()
This plugin does not support propagateSizeHints()
This plugin does not support propagateSizeHints()
This plugin does not support propagateSizeHints()
This plugin does not support propagateSizeHints()
This plugin does not support propagateSizeHints()
This plugin does not support propagateSizeHints()
This plugin does not support propagateSizeHints()
This plugin does not support propagateSizeHints()
This plugin does not support propagateSizeHints()
This plugin does not support propagateSizeHints()
This plugin does not support propagateSizeHints()
This plugin does not support propagateSizeHints()
This plugin does not support propagateSizeHints()
This plugin does not support propagateSizeHints()
This plugin does not support propagateSizeHints()
This plugin does not support propagateSizeHints()
This plugin does not support propagateSizeHints()
This plugin does not support propagateSizeHints()
This plugin does not support propagateSizeHints()
This plugin does not support propagateSizeHints()
This plugin does not support propagateSizeHints()
This plugin does not support propagateSizeHints()
This plugin does not support propagateSizeHints()
This plugin does not support propagateSizeHints()
This plugin does not support propagateSizeHints()
This plugin does not support propagateSizeHints()
This plugin does not support propagateSizeHints()
This plugin does not support propagateSizeHints()
This plugin does not support propagateSizeHints()
This plugin does not support raise()
This plugin does not support grabbing the keyboard
This plugin does not support raise()
This plugin does not support grabbing the keyboard
This plugin does not support grabbing the keyboard
This plugin does not support propagateSizeHints()
This plugin does not support propagateSizeHints()
This plugin does not support propagateSizeHints()
This plugin does not support propagateSizeHints()
This plugin does not support propagateSizeHints()
This plugin does not support propagateSizeHints()
This plugin does not support propagateSizeHints()
This plugin does not support propagateSizeHints()
This plugin does not support propagateSizeHints()
This plugin does not support propagateSizeHints()
This plugin does not support propagateSizeHints()
This plugin does not support propagateSizeHints()
This plugin does not support propagateSizeHints()
This plugin does not support propagateSizeHints()
This plugin does not support propagateSizeHints()
This plugin does not support propagateSizeHints()
This plugin does not support propagateSizeHints()
This plugin does not support propagateSizeHints()
This plugin does not support propagateSizeHints()
This plugin does not support propagateSizeHints()
This plugin does not support propagateSizeHints()
This plugin does not support propagateSizeHints()
This plugin does not support propagateSizeHints()
This plugin does not support propagateSizeHints()
This plugin does not support propagateSizeHints()
This plugin does not support propagateSizeHints()
This plugin does not support propagateSizeHints()
This plugin does not support propagateSizeHints()
This plugin does not support raise()
This plugin does not support grabbing the keyboard
This plugin does not support propagateSizeHints()
This plugin does not support propagateSizeHints()
This plugin does not support raise()
This plugin does not support grabbing the keyboard
This plugin does not support propagateSizeHints()
This plugin does not support propagateSizeHints()
This plugin does not support raise()
This plugin does not support grabbing the keyboard
This plugin does not support propagateSizeHints()
This plugin does not support propagateSizeHints()
This plugin does not support raise()
This plugin does not support grabbing the keyboard
This plugin does not support propagateSizeHints()
This plugin does not support propagateSizeHints()
This plugin does not support raise()
This plugin does not support grabbing the keyboard
This plugin does not support propagateSizeHints()
This plugin does not support propagateSizeHints()
This plugin does not support raise()
This plugin does not support grabbing the keyboard
This plugin does not support propagateSizeHints()
This plugin does not support propagateSizeHints()
This plugin does not support raise()
This plugin does not support grabbing the keyboard
This plugin does not support propagateSizeHints()
This plugin does not support propagateSizeHints()
This plugin does not support propagateSizeHints()
This plugin does not support raise()
This plugin does not support grabbing the keyboard
This plugin does not support propagateSizeHints()
This plugin does not support propagateSizeHints()
This plugin does not support raise()
This plugin does not support grabbing the keyboard
This plugin does not support propagateSizeHints()
This plugin does not support propagateSizeHints()
This plugin does not support raise()
This plugin does not support grabbing the keyboard
This plugin does not support propagateSizeHints()
This plugin does not support propagateSizeHints()
This plugin does not support raise()
This plugin does not support grabbing the keyboard
This plugin does not support propagateSizeHints()
This plugin does not support propagateSizeHints()
This plugin does not support raise()
This plugin does not support grabbing the keyboard
This plugin does not support propagateSizeHints()
This plugin does not support propagateSizeHints()
This plugin does not support raise()
This plugin does not support grabbing the keyboard
This plugin does not support propagateSizeHints()
This plugin does not support propagateSizeHints()
This plugin does not support propagateSizeHints()
This plugin does not support raise()
This plugin does not support grabbing the keyboard
This plugin does not support propagateSizeHints()
This plugin does not support propagateSizeHints()
This plugin does not support raise()
This plugin does not support grabbing the keyboard
This plugin does not support propagateSizeHints()
This plugin does not support propagateSizeHints()
This plugin does not support raise()
This plugin does not support grabbing the keyboard
This plugin does not support propagateSizeHints()
This plugin does not support raise()
This plugin does not support grabbing the keyboard
This plugin does not support propagateSizeHints()
This plugin does not support propagateSizeHints()
This plugin does not support raise()
This plugin does not support grabbing the keyboard
This plugin does not support propagateSizeHints()
This plugin does not support propagateSizeHints()
This plugin does not support raise()
This plugin does not support grabbing the keyboard
This plugin does not support propagateSizeHints()
This plugin does not support propagateSizeHints()
This plugin does not support propagateSizeHints()
This plugin does not support propagateSizeHints()
This plugin does not support propagateSizeHints()
This plugin does not support raise()
This plugin does not support grabbing the keyboard
This plugin does not support propagateSizeHints()
This plugin does not support propagateSizeHints()
This plugin does not support propagateSizeHints()
This plugin does not support raise()
This plugin does not support grabbing the keyboard
This plugin does not support raise()
This plugin does not support grabbing the keyboard
This plugin does not support propagateSizeHints()
This plugin does not support raise()
This plugin does not support grabbing the keyboard
This plugin does not support raise()
This plugin does not support grabbing the keyboard
This plugin does not support propagateSizeHints()
This plugin does not support propagateSizeHints()
This plugin does not support propagateSizeHints()
This plugin does not support propagateSizeHints()
This plugin does not support raise()
This plugin does not support grabbing the keyboard
This plugin does not support raise()
This plugin does not support grabbing the keyboard
This plugin does not support propagateSizeHints()
This plugin does not support propagateSizeHints()
This plugin does not support propagateSizeHints()
This plugin does not support propagateSizeHints()
This plugin does not support propagateSizeHints()
This plugin does not support propagateSizeHints()
This plugin does not support propagateSizeHints()
This plugin does not support propagateSizeHints()
This plugin does not support propagateSizeHints()
This plugin does not support propagateSizeHints()
This plugin does not support propagateSizeHints()
This plugin does not support propagateSizeHints()
This plugin does not support propagateSizeHints()
This plugin does not support propagateSizeHints()
This plugin does not support propagateSizeHints()
This plugin does not support propagateSizeHints()
This plugin does not support propagateSizeHints()
This plugin does not support propagateSizeHints()
This plugin does not support propagateSizeHints()
This plugin does not support propagateSizeHints()
This plugin does not support raise()
This plugin does not support grabbing the keyboard
This plugin does not support propagateSizeHints()
This plugin does not support propagateSizeHints()
This plugin does not support propagateSizeHints()
PASS Qt authentication hierarchy, keyboard focus and responsive settings
PASS Qt friend request row rhythm and empty state
PASS Qt group initial native row names and live role/status models without private stale rows
PASS Qt exact group title drafts survive remote updates and become clean after successful save
PASS Qt private group tabs remove and restore by authoritative role without stale count or duplicate pages
PASS Qt group overview live member avatar and bounded details
PASS Qt primary navigation, action menu, accepted contacts and pending history states
PASS Qt profile identity hierarchy
PASS Qt named confirmation actions and safe keyboard defaults
PASS Qt message edit layout, keyboard and exact body semantics
PASS Qt reply cancellation and read-member controls
PASS Qt message action target identity, cancellation and conversation fencing
PASS Qt message dialog keyboard, footer hierarchy and responsive image preview
PASS Qt multiline composer, keyboard, bounded wrapping, offline and input method
PASS Qt latest-message following and explicit history reading
PASS Qt conversation draft ownership, closure and account isolation
PASS Qt search results show actual Tab/Down focus and selected identity
PASS Qt loaded search hits, live reconciliation, raw cursors, status, selection and captured copy
PASS Qt pinned Unicode surrogate summary=1 first_line=1
PASS Qt pinned Unicode zwj summary=1 first_line=1
PASS Qt pinned Unicode combining summary=1 first_line=1
PASS Qt pinned Unicode skin summary=1 first_line=1
PASS Qt pinned Unicode keycap summary=1 first_line=1
PASS Qt pinned visible leading label width=980 ink=143 visible=143
PASS Qt pinned visible leading label width=1180 ink=143 visible=143
PASS Qt pinned visible leading label width=1440 ink=143 visible=143
Qt pinned focus has_focus=1 pixels_changed=1
